# File with duplicate translation keys that are ignored for
# reporting duplicates.
# FYI: Headers generated on https://manytools.org/hacker-tools/ascii-banner/ - DOS Rebel or ANSI Shadow
#      Can also use 'figlet' tool (installable with `apt-get install figlet`)
#
#  ██████████
# ░░███░░░░░█
#  ░███  █ ░  █████ █████ ████████   ██████  ████████    █████   ██████   █████
#  ░██████   ░░███ ░░███ ░░███░░███ ███░░███░░███░░███  ███░░   ███░░███ ███░░
#  ░███░░█    ░░░█████░   ░███ ░███░███████  ░███ ░███ ░░█████ ░███████ ░░█████
#  ░███ ░   █  ███░░░███  ░███ ░███░███░░░   ░███ ░███  ░░░░███░███░░░   ░░░░███
#  ██████████ █████ █████ ░███████ ░░██████  ████ █████ ██████ ░░██████  ██████
# ░░░░░░░░░░ ░░░░░ ░░░░░  ░███░░░   ░░░░░░  ░░░░ ░░░░░ ░░░░░░   ░░░░░░  ░░░░░░
#                         ░███
#                         █████
#                        ░░░░░
# Expenses and trips overlap quite a bit, which is by design
#
AUTHOR
AUTHORPAIEMENT
AddTrip
AllExpenseReport
AllExpenseReports
AnyOtherInThisListCanValidate
AttachTheNewLineToTheDocument
AucuneLigne
BrouillonnerTrip
CANCEL_USER
CarCategory
ClassifyRefunded
CompanyVisited
ConfirmBrouillonnerTrip
ConfirmCancelTrip
ConfirmCloneExpenseReport
ConfirmDeleteTrip
ConfirmPaidTrip
ConfirmRefuseTrip
ConfirmSaveTrip
ConfirmValideTrip
DATE_CANCEL
DATE_PAIEMENT
DATE_REFUS
DATE_SAVE
DefaultCategoryCar
DefaultRangeNumber
DeleteTrip
EX_BRE
EX_CAM
EX_CAM_VP
EX_CAR
EX_CUR
EX_DOC
EX_EMM
EX_FUE
EX_FUE_VP
EX_GUM
EX_HOT
EX_IND
EX_KME
EX_OTR
EX_PAR
EX_PAR_VP
EX_POS
EX_SUM
EX_SUO
EX_TAX
EX_TOL
EX_TOL_VP
ErrorBadValueForParameter
ErrorDoubleDeclaration
ErrorRecordNotFound
Error_EXPENSEREPORT_ADDON_NotDefined
ExpenseRangeOffset
ExpenseReportApplyTo
ExpenseReportApproved
ExpenseReportApprovedMessage
ExpenseReportCanceled
ExpenseReportCanceledMessage
ExpenseReportConstraintViolationError
ExpenseReportConstraintViolationWarning
ExpenseReportDateEnd
ExpenseReportDateStart
ExpenseReportDomain
ExpenseReportIkDesc
ExpenseReportLimitAmount
ExpenseReportLimitOn
ExpenseReportLine
ExpenseReportPaid
ExpenseReportPaidMessage
ExpenseReportPayment
ExpenseReportRef
ExpenseReportRefused
ExpenseReportRefusedMessage
ExpenseReportRestrictive
ExpenseReportRuleErrorOnSave
ExpenseReportRuleSave
ExpenseReportRulesDesc
ExpenseReportWaitingForApproval
ExpenseReportWaitingForApprovalMessage
ExpenseReportWaitingForReApproval
ExpenseReportWaitingForReApprovalMessage
ExpenseReportsIk
ExpenseReportsRules
ExpenseReportsToApprove
ExpenseReportsToPay
ExpensesArea
FeesKilometersOrAmout
LastExpenseReports
ListOfFees
ListOfTrips
ListToApprove
ListTripsAndExpenses
MOTIF_CANCEL
MOTIF_REFUS
ModePaiement
NOT_AUTHOR
NewTrip
NoTripsToExportCSV
OnExpense
PDFStandardExpenseReports
PaidTrip
REFUSEUR
RangeIk
RangeNum
SaveTrip
ShowExpenseReport
ShowTrip
TF_BUS
TF_CAR
TF_ESSENCE
TF_HOTEL
TF_LUNCH
TF_METRO
TF_OTHER
TF_PEAGE
TF_TAXI
TF_TRAIN
TF_TRIP
TripCard
TripId
TripNDF
TripSociete
Trips
TripsAndExpenses
TripsAndExpensesStatistics
TypeFees
UploadANewFileNow
VALIDATOR
VALIDOR
ValidateAndSubmit
ValidatedWaitingApproval
ValideTrip
byEX_DAY
byEX_EXP
byEX_MON
byEX_YEA
expenseReportCatDisabled
expenseReportCoef
expenseReportCoefUndefined
expenseReportOffset
expenseReportPrintExample
expenseReportRangeDisabled
expenseReportRangeFromTo
expenseReportRangeMoreThan
expenseReportTotalForFive
nolimitbyEX_DAY
nolimitbyEX_EXP
nolimitbyEX_MON
nolimitbyEX_YEA
#
#   █████████   █████               ███
#  ███░░░░░███ ░░███               ░░░
# ░███    ░░░  ███████   ████████  ████  ████████   ██████
# ░░█████████ ░░░███░   ░░███░░███░░███ ░░███░░███ ███░░███
#  ░░░░░░░░███  ░███     ░███ ░░░  ░███  ░███ ░███░███████
#  ███    ░███  ░███ ███ ░███      ░███  ░███ ░███░███░░░
# ░░█████████   ░░█████  █████     █████ ░███████ ░░██████
#  ░░░░░░░░░     ░░░░░  ░░░░░     ░░░░░  ░███░░░   ░░░░░░
#                                        ░███
#                                        █████
#                                       ░░░░░
# Stripe is similar to Paybox and has some keys in common
#
AccountParameter
CSSUrlForPaymentForm
Continue
Creditor
FollowingUrlAreAvailableToMakePayments
InformationToFindParameters
PaymentCode
PaymentForm
ThisIsInformationOnPayment
ThisScreenAllowsYouToPay
ToComplete
UsageParameter
WelcomeOnPaymentPage
YourEMail



#############################################################
#############################################################
AccountancyCode
AffectedTo
AvailableFormats
BIC
BankTransferAmount
Buy
ByDefaultInList
ByYear
CashDesk
ChooseFileToImport
ConfirmCloneAsk
ContractSigned
ContractStatusClosed
CreateUser
CreatedBy
Customer
CustomerInvoicePayment
DatabaseName
DatabaseServer
DeleteFromCat
DeleteType
DriverType
ExportableDatas
ExportsArea
History
IBAN
IdModule
InterventionSentByEMail
InvoiceRef
InvoiceSubtype
LanguageFile
LineId
ListOfStockMovements
Location
MinimumAmount
Movements
NewSubscription
NewUser
NoSupplierOrder
NoticePeriod
OrderWaiting
PriceFormatInCurrentLanguage
Prospect
Prospect
ReOpen
ReceptionClassifyClosedInDolibarr
Rejects
Salaries
Sell
Server
ShowCompany
ShowTask
ShowTypeCard
StatusInterInvoiced
StatusToPay
Stock
Stocks
SubscriptionPayment
Suppliers
Type
Unit
Upgrade
WithdrawalReceipt
