# File with translation keys that are ignored for
# reporting issues (where used).
# Two parts (ignored by the tools):
#   - First part:
#      Keys that are in the translation files, and commented
#      in the code - so potentially useful in the future.
#   - Second part:
#      Keys that are used in the code and missing in translation
#      files.  These should be fixed but are ignored for now
#      so that continuous integration does not complain about it
#      in order to detect newly introduced issues with the keys.
#
# ██████╗  █████╗ ██████╗ ████████╗ ██╗
# ██╔══██╗██╔══██╗██╔══██╗╚══██╔══╝███║
# ██████╔╝███████║██████╔╝   ██║   ╚██║
# ██╔═══╝ ██╔══██║██╔══██╗   ██║    ██║
# ██║     ██║  ██║██║  ██║   ██║    ██║
# ╚═╝     ╚═╝  ╚═╝╚═╝  ╚═╝   ╚═╝    ╚═╝
#      Keys that are in the translation files, and commented
#      in the code - so potentially useful in the future.
ActivateModule
AddDispatchBatchLine
AddNewNotification
AssignUser
BankAccountsAndGateways
Binding
ChartGenerated
CloneMainAttributes
CloseRefusedBecauseOneServiceActive
CollapseBatchDetailHelp
CustomersOrdersRunning
DelayToRequestCP
DescFinanceJournal
DetailLevel
DiscountNone
ErrorFieldAccountNotDefinedForInvoiceLine
EveryDay
FieldsTitle
FileIntegrityIsOkButFilesWereAdded
FirstUseDate
FollowingLinksArePublic
HelpWithAI
HidePassword
IPP_Device
InstallChoiceRecommanded
IsInPackage
MailNoChangePossible
MailSentBy
MaxNbOfLinesForBoxes
ModuleBuilderDesc2
ModulesMarketPlaceDesc
MoveField
MyContacts
NbOfActiveNotifications
NbOfTargetedContacts
PreviewMailing
Processing
PropalStatusClosedShort
PublicAttendeeSubscriptionPage
ResetBarcodeForAllRecords
ResourcesLinkedToElement
SetupDescription5
ShowSending
SomethingMakeInstallFromWebNotPossible2
StatusOrderProcessed
SuppliersOrdersRunning
TasksOnOpenedProject
ThirdPartyCustomersWithIdProf12
TicketPublicInfoCreateTicket
Title1
Title2
TitreRequestCP
UseAsciiDocFormat
UsePassword
ViewPageInNewTab
WEBSITE_PAGE_EXAMPLE
WebpageContent
YourTicketSuccessfullySaved
#
# ██████╗  █████╗ ██████╗ ████████╗██████╗
# ██╔══██╗██╔══██╗██╔══██╗╚══██╔══╝╚════██╗
# ██████╔╝███████║██████╔╝   ██║    █████╔╝
# ██╔═══╝ ██╔══██║██╔══██╗   ██║   ██╔═══╝
# ██║     ██║  ██║██║  ██║   ██║   ███████╗
# ╚═╝     ╚═╝  ╚═╝╚═╝  ╚═╝   ╚═╝   ╚══════╝
#      Keys that are used in the code and missing in translation
#      files.  These should be fixed but are ignored for now
#      so that continuous integration does not complain about it
#      in order to detect newly introduced issues with the keys.
#
........
AADE_WEBSERVICE_KEY
AADE_WEBSERVICE_USER
APCCacheInstalledButDisabled
APCInstalled
API
Accept
AccountancyErrorMismatchLetteringCode
AccountingAccount
AccountingCode
AccountingJournalType
ActionAC_
ActionAC_ALL_
AddSite
AddSupplier
AddTicketIntoCategory
Adherent
AdherentNotLinkedToThirdParty
AdvTgtUse
Agents
AllFilesDidAlreadyExist
AlreadyInV7
AmountOfOrders
AmountOfOrdersHT
AmountOfProposals
AmountOfProposalsHT
AmountOfReceptions
AmountOfReceptionsByMonthHT
AmountOfShipments
AmountOfShipmentsByMonthHT
AmountOfTickets
AmountOfTicketsByMonthHT
AmountOfinterventions
AmountOfinterventionsByMonthHT
AnObjectWithThisClassNameAlreadyExists
Anciennete
AnnualByAccountDueDebtMode
AnnualByAccountInputOutputMode
Anonymous
AnotherField
Applications
Articles
AssetErrorFetchMaxDepreciationDateForMode
AssetInAccountNotDefined
AuthorityDidntReconizeFingerprintConformity
AuthorityReconizeFingerprintConformity
Auto
AutoGenerateDoc
AutoValidationNotPossibleWhenStockIsDecreasedOnInvoiceValidation
Automatic
AvailabilityType
BAN
BI
BOMs
Back
Bad value for email, email lwas not verified by Google
Bad value for returned userinfo[aud]
Bad value for returned userinfo[exp]. Token expired.
Bad value for returned userinfo[iss]
BadNumberOfLinesMustHaveAtLeastOneLinePlusTitle
BadParameterWhenCallingCreateOfBlockedLog
BadPaymentMethod
BadStatusOfObject
BadValueForParameterClientOrSupplier
BankColorizeMovementName
Banque
Barcode
BarcodeDesc
BarcodeStickersMask
BatchInformationNotfound
BillOfMaterialsLine
BlockLogNeedAmountsValue
BlockLogNeedElement
BlockedLogAuthorityNeededToStoreYouFingerprintsInNonAlterableRemote
BlockedLogAuthorityUrl
BlockedLogSetup
BookCalArea
BookCalSystem
Bookings
BoxTitleLast
BoxTitleLatest
BoxTitleLatestModifiedMyObjects
ByDefault
Bzip2
CLI
CSS
Cache
CalcModeLT
CalculatedFromProductsToConsume
CancelReception
Candidatures
CantBeNullOrPositive
CantConvertToReducAnInvoiceOfThisType
CardFichinter
CardProduct
CashDeskBankAccountForStripeTerminal
Channel
Charset
Cheque
ChequeBankUpdateSucceeded
ChequeMakeUpdateSucceeded
Child of
ClassNotFound
Clear
ClickToDial
Clients
Clone
CloneAffectation
CloneChanges
CloneFile
CloneProgression
CloneTimes
Close Done
Close2
CloseShipment
CodeTooltipHelp
Column
Combination
CompanyPaymentMode
ComptaFiles
ConferenceOrBoothAttendeeExtraFields
Confirm Delete Dictionnary
Confirm Delete Menu
Confirm Delete Right
ConfirmActionAvailabilities
ConfirmActionMyObject
ConfirmActionTarget
ConfirmCloneMyObject
ConfirmCloneTask
ConfirmCloseShipment
ConfirmCreateAdherent
ConfirmDeleteAdherent
ConfirmDeleteIndividual
ConfirmDeleteReport
ConfirmDeleteWebsiteAccount
ConfirmReoponAsk
ConnectingToStripeTerminal
Constant
ContactAddress
ContactDefault_
ContactSuperAdminForChange
ContactUs
Container
Contrats
Control
Convert
Core
Count
CreateRemoteOrder
CreateRepeatableIntervention
Created
CronCannotLoadLib
Crypted
Current
CustomX
CustomY
DATAPOLICYReturn
DateInvalid
DatePaymentForDepositReceived
Datee
Dateo
Dates
Datet
DecimalSeparator
Declared
Decline
DefaultCashPOSLabel
Delays_
DeleteAdherent
DeleteAnIndividual
DeleteAsset
DeleteAssetModel
DeleteAvailabilities
DeleteCalendar
DeleteConferenceOrBooth
DeleteEvaluation
DeleteInventory
DeleteJob
DeleteKnowledgeRecord
DeleteLoan
DeleteMyObject
DeleteOldFiles
DeletePosition
DeleteReception
DeleteRecruitmentCandidature
DeleteRecruitmentJobPosition
DeleteReport
DeleteTarget
DeleteWebsiteAccount
DemandReasonType
Demo
Desc
Detail
Details
Development
Dictionaries
DictionaryEmpty
DictionaryNameUpdated
Directory
DisabledByOptionADD_UNSPLASH_LOGIN_BACKGROUND
Document
Documentation
Dolibarr
Dolibarr constant MAIN_SERVER_TZ
DolibarrPassword
Down
DraftMyObjects
DragDrop
DuplicateRecord
DynamicPrice
ECMAreaDesc2
ECMDocsByProducts
ECMSectionAutoDesc
ECMSectionManualDesc
EMail
EMails
EcmFiles
EditAdherent
EditAdherentAddress
EditRelativeDiscounts
EmailcollectorAction
EmailcollectorFilter
EmailingTargetSelector
Empty
End
EnterAnIP
EnterNameOfDictionnaryToDeleteDesc
Entries
ErrSCAAuthentication
Error sql
ErrorADiscountThatHasBeenRemovedIsIncluded
ErrorAccountancyCodeOnBankAccountNotDefined
ErrorAccountancyCodeOnThirdPartyNotDefined
ErrorBackToDraft
ErrorBadEmail
ErrorBadInvoice
ErrorBadParameterCat
ErrorBadParameterQty
ErrorBadPhone
ErrorBadSocialNetworkValue
ErrorBadStatus
ErrorBadValue
ErrorBadValueForBatch
ErrorBadValueForDate
ErrorCanNotDeleteDir
ErrorCantSplitAUsedDiscount
ErrorChartOfAccountSystemNotSelected
ErrorCheckVersionIsDefined
ErrorCreateUserSkill
ErrorDB
ErrorDateEndLowerThanDateStart
ErrorDoNotProvideAccountsIfNullAmount
ErrorDuplicateEmalingSelector
ErrorDuplicateWidget
ErrorEmailInvalid
ErrorEmptyNameDic
ErrorFailToCreateZip
ErrorFailToOpenFile
ErrorFaildToOpenFile
ErrorFailedToAddUserAsContact
ErrorFailedToConnect
ErrorFailedToCopyProposal
ErrorFailedToDeleteFile
ErrorFailedToFindSomeFiles
ErrorFailedToGetListOfNotificationsToSend
ErrorFailedToLoadBankAccount
ErrorFailedToLoadDiscount
ErrorFailedToSetNewPassword
ErrorFaviconMustBeASquaredImage
ErrorFileNameInvalid
ErrorImportOfChartLimitedToCurrentChart
ErrorMAIN_ROUNDING_RULE_TOTCanMAIN_MAX_DECIMALS_TOT
ErrorMailFromRequired
ErrorNegativeValueNotAllowed
ErrorNoAccountingModuleEnabled
ErrorNoPhoneDefinedForThisUser
ErrorNoUrl
ErrorNoValueForLinkType
ErrorNoValueForSelectListType
ErrorNumberingModuleNotSetup
ErrorObjectMustHaveStatusClosedToBeReOpened
ErrorObjectMustHaveStatusValidToBeCanceled
ErrorObjectNoSupportedByFunction
ErrorOccurredReviseAndRetry
ErrorOnlyOrderNotDraftCanBeSentInMassAction
ErrorOnlyProposalNotDraftCanBeSentInMassAction
ErrorParamMustBeAnUrl
ErrorPriceExpression
ErrorProductIdIsMandatory
ErrorSetupOfCountryMustBeDone
ErrorSomeFilesCouldNotBeDeleted
ErrorStripeAccountNotDefined
ErrorTechnicalError
ErrorThirdPartyIdIsMandatory
ErrorTicketIsNotValid
ErrorTitreAlreadyExists
ErrorUpdatingUsersCP
ErrorUserFetch
ErrorValueMustBeInteger
ErrorValueTooHigh
ErrorVerif
ErrorWarehouseRequiredIntoReceptionLine
ErrorWebServicesFieldsRequired
Error_BOM_ADDON_NotDefined
Error_COMPANY_ADDON_PDF_NotDefined
Error_FICHEINTER_ADDON_NotDefined
Error_HOLIDAY_ADDON_NotDefined
Error_MRP_MO_ADDON_NotDefined
Error_RECEPTION_ADDON_NUMBER_NotDefined
ErrorloadUserOnSendingMail
EstimatedWeight
Evaluation
Evaluationdet
Evaluations
EventFee
EventIntoASerie
EventOrganizationArea
EventParticipant
Expedition
Experimental
Expired
Extension
ExtraLanguageHasWrongValue
Extrafieldcomputed
FRST
FTP
Failed
FailedToCloseProject
FailedToDefinGraph
FailedToExecutCommandJob
FailedToGetCostPrice
FailedToOpenFile
FailedToReadFile
FailedToSetPaid
FailedToSetToCancel
FailedToUncompressFile
FailedToUpdatePrice
FailedtoSetToApprove
FailedtoSetToDeny
FeatureNotAvailableWithThisDatabaseDriver
FieldNotFoundInObject
FieldsEdit
FieldsInsert
FieldsLinked
FieldsView
File encoding
FileDidAlreadyExist
FileIsNotCorrect
Filename
FilteredFrom
Flashy
ForcedByGlobalSetup
Form for public lead registration has not been enabled
Free
FreeLegalTextOnReceptions
FrequencyPer_
FromPublicEmail
Function_getNextValue_InModuleNotWorking
Gantt
GeneratePDF
GeoIPLibVersion
Get
GetCompanyParentsError
GlobalGroup
GlobalVariableUpdaterHelp
GlobalVariableUpdaterHelpFormat
GlobalVariableUpdaterType
GoOnTokenProviderToDeleteToken
GoSourceInvoice
Gzip
H
HTTPBasicPassword
HelpAbandonProductReturned
HideVersionLink
HolidayStarted
Hook
Hooks
IBANNotDefined
ID
IPP_COLOR_
IconFieldSelector
Id
Image
ImpossibleToRetrieveUser
ImpossibleUpdateCat
Inactive
Inf
IntracommReport
IntracommReportDeleted
Introduction
JS
Job
JobPositionApplications
JournalNum
KO
Key
Keywords
LDAP
LDAP setup for groups not defined inside Dolibarr
LDAP setup for members not defined inside Dolibarr
LDAP setup for members types not defined inside Dolibarr
LDAP setup for users not defined inside Dolibarr
LT
LabelName
LabelPaperSize
Language_
Languages
LdapUacf_
Level
Lifetime
LinkedElementsInvalidDeleted
LinkedToAConcialitedTransaction
ListOfAttendeesPerConference
ListOfBookmark
ListTicketsLinkToContract
Load
LocalTaxReport
Locale
Lot
MAIN_MAIL_SMTPS_OAUTH_SERVICE_EMAILING
MAIN_MAIL_SMTPS_OAUTH_SERVICE_TICKET
MEDIA_IPP_
MO
MRP
MYDATA_AADE_KEY
MYDATA_AADE_USER
MainAccountForRevenueStampSaleNotDefined
Manual
Map
Max
MaxRunReached
Maximum
Measuringtype_durationDesc
MemberAllowchangeOfType
MemberTypeCard
MembersListOfTiers
MenuAddedSuccesfuly
MigrationBankTransfertsToUpdate
MigrationContractsEmptyCreationDatesUpdateSuccess
Millisecond
Minimum
Mo
Mode
Modifier
Module/Application
ModuleCompanyCode
ModuleCompanyCodeCustomer
ModuleCompanyCodeSupplier
ModuleNotEnabled
ModuleTriggeringThisWarning
Modulebuilder
ModulebuilderSetup
MonthShort
MonthVeryShort
Morphy
Movement
MultiCompanyMode
Multicompanies
MulticurrencyPaidBack
MulticurrencyRemainderToPayBack
MustBeAdminToDeleteOtherAdmin
MyFilter
MyModule
MyModuleArea
MyModuleBoxDescription
MyModuleMassAction
MyModuleSetup
MyModuleSetupPage
MyModuleTab
MyObject
MyObjects
NA
NPR
NPR counterpart
Name of the new third party. In the meantime we check if it already exists...
Nb
NbOfDonations
NbOfIntervention
NbOfOrder
NbOfSendingsByMonth
NbOfTicket
NeedRefresh
NetMeasure
Network
NewAdherent
NewAdherentAddress
NewDeposit
NewEMailTemplate
NewLead
NewPartnershipForm
NewProperty
NoActiveEstablishmentDefined
NoAddMember
NoAuthorityURLDefined
NoBankAccountFound
NoCurrencyRateSelected
NoEntriesToShow
NoEstablishmentFound
NoMail
NoModuleFound
NoOperations
NoPasswordGenerationRuleConfigured
NoReader
NoRecordedUnpaidInvoices
NoRecordfound
NoRecords
NoRecordsToDisplay
NoSenderEmailDefined
NoShippingMethodDefined
NoStripe
NoSurvey
NoTitle
NoType
NoTypeOfPagePleaseEditDictionary
NoURL
No_record_on_multicurrency_rate
NobodyHasPermissionToValidateExpenseReport
NotAllExportedMovementsCouldBeRecordedAsExportedOrValidated
NotEnoughForAllOrders
NotFound
NotUsed
NotUserRightToView
Note: The function password_hash does not exist on your PHP
Note: The function password_hash exists on your PHP
Notification
Notify_
Num
NumberOfCopy
NumberOfDonationsByMonth
NumberOfOrders
NumberOfProposals
Numeric
OK
Object
Objects
Offline
Ok
Omit sub-projects
Online
OnlineSignature
OnlyAdminUsersCanDisableAdminUsers
OnlyTerminal1IsAvailableForCashDeskModule
OpenSurvey
Operation
Operations
OppStatus
OrderSource
PARTNERSHIP_NEWFORM_PAYONLINE
PAYBOX_CGI_URL_V1
PAYBOX_IBS_DEVISE
PAYPAL_API_EXPRESS
PDFStandardHrmEvaluation
PHP
PHP_OS
POS
PaperFormat
Parent
PasswordEncryption
PasswordLength
Path
PayBox
PayLoan
PayPal
Payement
PaymentBeingProcessed
PaymentCondition
PaymentConditionShort
PaymentDonation
PaymentHigherThanReminderToPaySupplier
PaymentSalary
PaymentSendToStripeTerminal
PaymentType
PaymentTypeShort
PaymentValidated
Paypal
Pending
PendingCreditTransferToComplete
PendingCreditTransferToCompleteShort
PendingDirectDebitToComplete
PendingDirectDebitToCompleteShort
Picto
PlanStripe
Poll
Posts
PredefinedInterventional
PrevRangeToThisRange
PreviousFingerprint
Print
PrintDriver
PrintModule
PrintUserConfDesc
PrinterId
PrinterIdEmpty
PrinterLocation
PrinterNameEmpty
PrinterParameterEmpty
Printers
Printing
ProductCodeDesc
ProductFournisseurPrice
ProductLot
ProductNotDefined
ProductReturned
Production
ProfId
Profile
Programs
ProjectNbProject
ProjectNbTask
Property %s not found in the class. The class was probably not generated by modulebuilder.
Proposer
Provider
Proxy
Pwd
QR
Question
RECUR
RSS
RateIndirect
Re-Open
Rechercher
ReconciledBy
RecordNotFound
RecruitmentJobPosition
Recurrence
RefAlreadyExists
Referer
Refuse
RegistrationAndPaymentWereAlreadyRecorded
Reinit
Rejection
RemoteOrderRef
RemotePriceMismatch
RemoteUserBadCredentials
RemoteUserMissingAssociatedSoc
RemoteUserNotPermission
RemoveDuplicates
Repair
Replace
Replaced
Reply
Request
RequireValidPhone
RequireValue
RequiredIfProduct
RequiredIfService
Resource
ResourceTypeShort
ResponseNonOK
Results
Retry
Reverse
RobotEmail
Roles
Rowid
RulesPurchaseTurnoverCollectedOfExpenseAccounts
SID
SQL
SQLSort
STATE_
STATE_IPP_
STRIPE_APPLICATION_FEE_PLATFORM
ST_
SaveFailed
Saved
Script
SeeWikiPage
ServiceCodeDesc
Session
SetContract
SetModel
SetReceptionMethod
SetRefExt
SetRefusedAndClose
SetSendingMethod
SetTransDate
SetVATReverseCharge
SetWarehouse
Setting
SetupNotComplete
SetupNotError
SeveralEvents
ShipmentIncrementStockOnDelete
Shipping
ShowAsset
ShowAssetModel
ShowAvailabilities
ShowBill
ShowBillOfMaterials
ShowBillOfMaterialsLine
ShowCalendar
ShowCompanyPaymentMode
ShowConferenceOrBooth
ShowConferenceOrBoothAttendee
ShowCronJob
ShowEmailCollector
ShowEmailcollectorAction
ShowEmailcollectorFilter
ShowEvaluation
ShowEvaluationdet
ShowFichinter
ShowInterventionModel
ShowInventory
ShowJob
ShowKnowledgeRecord
ShowMo
ShowMyObject
ShowPartnership
ShowPayment
ShowPosition
ShowProductAttribute
ShowProductFournisseurPrice
ShowProductOrService
ShowProposal
ShowRecruitmentCandidature
ShowRecruitmentJobPosition
ShowSearchFields
ShowSkill
ShowSkillRank
ShowSkilldet
ShowStockTransfer
ShowStockTransferLine
ShowTarget
ShowTimeSpent
ShowWorkstation
Showing
SignatureKO
SignatureOK
Siren
Situation
SizeUnit
SkillRank
SmsTestSubstitutionReplacedByGenericValues
SomeShipmentExists
SourceType
Split
SplitAllQuantity
Standard
StatsOnDonationsOnlyValidated
StatusProspect
Stock Total
Stock total
StockTransferLine
Stripe
StripeAutoSubscription
StripeBalance
StripeConnect
StripeConnectPay
StripeCustomer
Sub-projects
SubscriptionStripe
Success
Sumup
SumupAffiliate
SumupAppId
Supervisor
SupplierDepositsAreNotIncluded
SupplierMissingRef
Synchronize
Syslog
TLS/STARTTLS
TLSv1
TLSv1.2
TYPE_
Tabs
Tag
TakePOS
TargetType
Targets
TasksToDo
Taxes
Template
TemplateIdEmpty
TemplateNameEmpty
Templates
TestPrinterTemplate
TestTemplateToPrinter
Theme
Thirdparty
ThirdpartyHasNoDefaultBanAccount
ThisIsInformationOnDocumentToSign
ThisScreenAllowsYouToSignDocFrom
TicketCategoryShort
TicketMessageMailNewText
TicketSeverityShort
TicketTypeShort
TimeOnly
Timezone
ToGetBack
ToPay
ToReopon
Token
Tooltip
TooltipEditAndRevertStockMovement
TotalEntries
Transaction
TranslationOfKey
Triggers
Trip
TripForPaid
TripForValid
TripPaid
TurnoverReport
TypeContact_
TypeToFilter
UTF8
Unix
UnknownError
Unlink
Up
UpdateContact
UpdateGroup
UpdateMemberType
UpdateUser
UpgradeHasBeenUnlocked
Url
Use of API for currency update is disabled by option MULTICURRENCY_DISABLE_SYNC_CURRENCYLAYER
UserRemovedFromGroup
UserSetInGroup
VCard
Vacant
ValidateAndSign
ValidationDateNotDefinedEvenIfReceptionValidated
ValueFromBom
Variable
Variant
Vote
WTOf
WaitAccountNotDefined
Warning: you will delete all menus linked to this one.
WarningFieldsMustContains
WarningPostActionErrorAfterPayment
WarningUserDifferentContactSocid
WebDAV
WebServiceKey
WebServiceURL
Website
WebsiteMustBeSameThanClonedPageIfTranslation
WelcomeOnOnlineSignaturePage
WidgetDisabledAsModuleDisabled
Widgets
Windows
WorkingBoard
Workload
WrongAmount
XDebug
XXX
XmlCorrupted
Y
ZeroMeansEveryYear
Zstd
_blank
accountancy_error_modelnotfound
bytes
card
card3DS
checkMargins
copy_of_
csv
customer
desc
diff_after_tomorrow
diff_before_yesterday
diff_now
diff_tomorrow
diff_yesterday
errorUpdateSkilldet
errors
iDEAL
log
minimum
multicurrency_code_already_added
noExtrafields
period_end_date
period_interval
period_recurrences
period_start_date
point
productlot
refunded
save
seconds
sepadebit
showInputBorder
skill
supplier
test01
test02
test03
test04
test05
test06
title1
title2
title3
txt
unit
words
xcache.cacher
xcache.coverager
xcache.optimizer
xcache.stat
xxx


# Confirmed, will be used in the future
# (When used, remove from this list)

AudioText
MenuResourceAdd
SendShippingRef
TextGeneration
VideoGeneration

#####################################################################
#####################################################################
## The following list is added only to make Continuous Integration
## pass - this list needs to be cleaned up
#####################################################################
#####################################################################
AddService
AnHelpMessage
Analytic
AnalyticLabel
BankId
Bcc
Birthdate
Candidature
ClientCollation
Collation
Config
Confirmed
Creation
CronLib
CronModuleNotEnabledInThisEntity
DateInitialBalance
Dimension
Don
ECM
EmptyMessageNotAllowedError
ErrorBarcodeNotFoundForProductWarehouse
ErrorCodeScannedIsBothProductAndSerial
ErrorInputRequired
ErrorLDAPFunctionsAreDisabledOnThisPHP
ErrorUpdating
Exceptions
Extra
Facture
FailedToConnectToSFTPAfterSSHAuthentication
FailedToLogin
First
GroupCreate
GroupUpdate
INVOICE_RETAINED_WARRANTY_LIMITED_TO_FINAL_SITUATION
INVOICE_RETAINED_WARRANTY_LIMITED_TO_SITUATION
INVOICE_SITUATION_DEFAULT_RETAINED_WARRANTY_COND_ID
INVOICE_SITUATION_DEFAULT_RETAINED_WARRANTY_PERCENT
INVOICE_USE_RETAINED_WARRANTY
INVOICE_USE_SITUATION
INVOICE_USE_SITUATION_CREDIT_NOTE
ImpossibleToContactAuthority
InputValueIsNotAnNumber
InterDate
Inventory Code
InvoiceReplace
ItemID
JobApplications
JobPosition
Journal
Label Movement
Labels
Last
LedgerAccount
LocalTax1IsNotUsedExample
LocalTax1IsUsedExample
LocalTax2IsNotUsedExample
LocalTax2IsUsedExample
Logs
MAIN_IMAP_USE_PHPIMAPDesc
MYMODULE_CATEGORY_ID_XXX
MYMODULE_MYPARAM1
MYMODULE_MYPARAM10
MYMODULE_MYPARAM2
MYMODULE_MYPARAM3
MYMODULE_MYPARAM4
MYMODULE_MYPARAM5
MYMODULE_MYPARAM6
MYMODULE_MYPARAM7
MYMODULE_MYPARAM8
MYMODULE_MYPARAM9
ManufacturingOrders
MemberCreate
MemberTypeCreate
MemberTypeUpdate
Messages
MoDate
MultiCompany
MyWidget
NO_PARAM_JUST_TEXT
NewSection
NoPreviousBillForCustomer
Normal
NotSelected
Null
Obsolete
Off
On
Open
PDF 1.7
PDF/A-1b
PDF/A-3b
PartnershipSentByEMail
PdfTitle
Privileges
ProcessingError
PurchaseOrder
PurchaseOrders
ReceptionSentByEMail
ReceptionValidated
Recruited
Ref. Product
RefNewContract
Societe
Stable
Suggested
TaskModifieddInDolibarr
TicketMessageMailSignatureText
TicketSetupPage
Tiers
Timeline
TotalDiscount
TotalHTBeforeDiscount
Transfer
TryAnotherConnectionMode
UndefinedKey
UnknownType
UpdateMember
UserCreate
UserDiscarded
UserUpdate
Variables
Vat
VirtualHost
WEBPORTAL_ROOT_URL
WEBPORTAL_USER_LOGGED2
XSubsriptionError
centimes
email
id
multicurrency_buyPriceInCurrency
multicurrency_modifyRateApplication
ref
sendEmailsReminder
smsing
societe
target
titre
type
url
Civility
IntracommReportList
PrintTestDesc
PrintingDriverDesc
